     VMA      LMA     Size Align Out     In      Symbol
       0        0        0     1 RAMBASE = 0x80801000
       0        0        0     1 PATCH_RAM_END = 0x81000000
80801000        0       40    16 .text
80801000        0       38    16         print.o:(.text)
80801000        0       38     1                 proutPrintf_2
80801040       40        0    16         required_patches.o:(.text)
80801040       40     132c     4 .recomp_patch
80801040       40     132c     4         required_patches.o:(.recomp_patch)
80801040       40        c     1                 GetSi_Status
8080104c       4c      c5c     1                 load_from_rom_to_addr
80801ca8      ca8      29c     1                 InitControllers
80801f44      f44      428     1                 UpdateRawControllers
8080236c     136c       54     4 .recomp_export
8080236c     136c       54     4         print.o:(.recomp_export)
8080236c     136c       54     1                 recomp_printf
808023c0     13c0       60     1 .rodata
808023c0     13c0       60     1         <internal>:(.rodata.str1.1)
80802420     1420        8    16 .data
80802420     1420        0    16         print.o:(.data)
80802420     1420        8    16         required_patches.o:(.data)
80802420     1420        8     1                 dummy
80802430 80802430        0    16 .bss
80802430 80802430        0    16         print.o:(.bss)
80802430 80802430        0    16         required_patches.o:(.bss)
80802430 80802430        0     1 
       0        0      640     4 .symtab
       0        0      640     4         <internal>:(.symtab)
       0        0      703     1 .strtab
       0        0      703     1         <internal>:(.strtab)
       0        0       80     1 .shstrtab
       0        0       80     1         <internal>:(.shstrtab)
80802430 80802430        0     1 __start = 0x80000000
80802430 80802430        0     1 recomp_puts = 0x8F000000
80802430 80802430        0     1 recomp_exit = 0x8F000004
80802430 80802430        0     1 recomp_load_overlays = 0x8F000008
80802430 80802430        0     1 osInvalDCache_recomp = 0x8F00000C
80802430 80802430        0     1 osInvalICache_recomp = 0x8F000010
80802430 80802430        0     1 osWritebackDCache_recomp = 0x8F000014
80802430 80802430        0     1 osWritebackDCacheAll_recomp = 0x8F000018
80802430 80802430        0     1 recomp_load_overlays_by_rom = 0x8F000020
80802430 80802430        0     1 osSendMesg_recomp = 0x8F000024
80802430 80802430        0     1 osGetCount_recomp = 0x8F000028
80802430 80802430        0     1 osCreateMesgQueue_recomp = 0x8F00002C
80802430 80802430        0     1 osRecvMesg_recomp = 0x8F000030
80802430 80802430        0     1 osDpSetStatus_recomp = 0x8F000034
80802430 80802430        0     1 recomp_register_object_extension = 0x8F000044
80802430 80802430        0     1 recomp_register_object_extension_generic = 0x8F000048
80802430 80802430        0     1 recomp_clear_all_object_data = 0x8F00004C
80802430 80802430        0     1 recomp_create_object_data = 0x8F000050
80802430 80802430        0     1 recomp_destroy_object_data = 0x8F000054
80802430 80802430        0     1 recomp_get_object_data = 0x8F000058
80802430 80802430        0     1 recomp_get_object_spawn_index = 0x8F00005C
80802430 80802430        0     1 recomp_error = 0x8F000060
80802430 80802430        0     1 memcpy_recomp = 0x8F000064
80802430 80802430        0     1 __divdi3_recomp = 0x8F000068
80802430 80802430        0     1 __udivdi3_recomp = 0x8F00006C
80802430 80802430        0     1 __umoddi3_recomp = 0x8F000070
80802430 80802430        0     1 strlen_recomp = 0x8F000074
80802430 80802430        0     1 osVirtualToPhysical_recomp = 0x8F000078
80802430 80802430        0     1 osPiStartDma_recomp = 0x8F00007C
80802430 80802430        0     1 recomp_abort = 0x8F000080
80802430 80802430        0     1 recomp_get_target_aspect_ratio = 0x8F000084
80802430 80802430        0     1 osExQueueDisplaylistEvent_recomp = 0x8F000088
80802430 80802430        0     1 recomp_xxh3 = 0x8F00008C
80802430 80802430        0     1 recomp_get_bgm_volume = 0x8F000090
80802430 80802430        0     1 __cosf_recomp = 0x8F000098
80802430 80802430        0     1 recomp_get_right_analog_inputs = 0x8F00009C
80802430 80802430        0     1 recomp_get_analog_cam_enabled = 0x8F0000A0
80802430 80802430        0     1 recomp_get_analog_inverted_axes = 0x8F0000A4
80802430 80802430        0     1 recomp_set_right_analog_suppressed = 0x8F0000A8
80802430 80802430        0     1 osContGetReadData_recomp = 0x8F0000AC
80802430 80802430        0     1 recomp_get_note_saving_enabled = 0x8F0000B4
80802430 80802430        0     1 recomp_get_cutscene_aspect_ratio = 0x8F0000B8
80802430 80802430        0     1 recomp_get_flying_and_swimming_inverted_axes = 0x8F0000BC
80802430 80802430        0     1 recomp_get_first_person_inverted_axes = 0x8F0000C0
80802430 80802430        0     1 recomp_get_analog_cam_sensitivity = 0x8F0000C4
80802430 80802430        0     1 recomp_run_ui_callbacks = 0x8F0000C8
80802430 80802430        0     1 osCreatePiManager_recomp = 0x8F000108
80802430 80802430        0     1 osYieldThread_recomp = 0x8F00010C
80802430 80802430        0     1 osContInit_recomp = 0x8F000110
       0        0        8     4 .rel.text
       0        0        8     4         print.o:(.rel.text)
       0        0       18     4 .rel.recomp_export
       0        0       18     4         print.o:(.rel.recomp_export)
       0        0      980     4 .rel.recomp_patch
       0        0      980     4         required_patches.o:(.rel.recomp_patch)
