     VMA      LMA     Size Align Out     In      Symbol
       0        0        0     1 RAMBASE = 0x80801000
       0        0        0     1 PATCH_RAM_END = 0x81000000
80801000        0       40    16 .text
80801000        0       38    16         print.o:(.text)
80801000        0       38     1                 proutPrintf_2
80801040       40        0    16         required_patches.o:(.text)
80801040       40      d18     4 .recomp_patch
80801040       40      d18     4         required_patches.o:(.recomp_patch)
80801040       40        c     1                 GetSi_Status
8080104c       4c      c94     1                 load_from_rom_to_addr
80801ce0      ce0       78     1                 main_game
80801d58      d58       54     4 .recomp_export
80801d58      d58       54     4         print.o:(.recomp_export)
80801d58      d58       54     1                 recomp_printf
80801dac      dac       3e     1 .rodata
80801dac      dac       3e     1         <internal>:(.rodata.str1.1)
80801df0      df0        8    16 .data
80801df0      df0        0    16         print.o:(.data)
80801df0      df0        8    16         required_patches.o:(.data)
80801df0      df0        8     1                 dummy
80801e00 80801e00        0    16 .bss
80801e00 80801e00        0    16         print.o:(.bss)
80801e00 80801e00        0    16         required_patches.o:(.bss)
80801e00 80801e00        0     1 
       0        0      4d0     4 .symtab
       0        0      4d0     4         <internal>:(.symtab)
       0        0      58f     1 .strtab
       0        0      58f     1         <internal>:(.strtab)
       0        0       80     1 .shstrtab
       0        0       80     1         <internal>:(.shstrtab)
80801e00 80801e00        0     1 __start = 0x80000000
80801e00 80801e00        0     1 recomp_puts = 0x8F000000
80801e00 80801e00        0     1 recomp_exit = 0x8F000004
80801e00 80801e00        0     1 recomp_load_overlays = 0x8F000008
80801e00 80801e00        0     1 osInvalDCache_recomp = 0x8F00000C
80801e00 80801e00        0     1 osInvalICache_recomp = 0x8F000010
80801e00 80801e00        0     1 osWritebackDCache_recomp = 0x8F000014
80801e00 80801e00        0     1 osWritebackDCacheAll_recomp = 0x8F000018
80801e00 80801e00        0     1 recomp_load_overlays_by_rom = 0x8F000020
80801e00 80801e00        0     1 osSendMesg_recomp = 0x8F000024
80801e00 80801e00        0     1 osGetCount_recomp = 0x8F000028
80801e00 80801e00        0     1 osCreateMesgQueue_recomp = 0x8F00002C
80801e00 80801e00        0     1 osRecvMesg_recomp = 0x8F000030
80801e00 80801e00        0     1 osDpSetStatus_recomp = 0x8F000034
80801e00 80801e00        0     1 recomp_register_object_extension = 0x8F000044
80801e00 80801e00        0     1 recomp_register_object_extension_generic = 0x8F000048
80801e00 80801e00        0     1 recomp_clear_all_object_data = 0x8F00004C
80801e00 80801e00        0     1 recomp_create_object_data = 0x8F000050
80801e00 80801e00        0     1 recomp_destroy_object_data = 0x8F000054
80801e00 80801e00        0     1 recomp_get_object_data = 0x8F000058
80801e00 80801e00        0     1 recomp_get_object_spawn_index = 0x8F00005C
80801e00 80801e00        0     1 recomp_error = 0x8F000060
80801e00 80801e00        0     1 memcpy_recomp = 0x8F000064
80801e00 80801e00        0     1 __divdi3_recomp = 0x8F000068
80801e00 80801e00        0     1 __udivdi3_recomp = 0x8F00006C
80801e00 80801e00        0     1 __umoddi3_recomp = 0x8F000070
80801e00 80801e00        0     1 strlen_recomp = 0x8F000074
80801e00 80801e00        0     1 osVirtualToPhysical_recomp = 0x8F000078
80801e00 80801e00        0     1 osPiStartDma_recomp = 0x8F00007C
80801e00 80801e00        0     1 recomp_abort = 0x8F000080
80801e00 80801e00        0     1 recomp_get_target_aspect_ratio = 0x8F000084
80801e00 80801e00        0     1 osExQueueDisplaylistEvent_recomp = 0x8F000088
80801e00 80801e00        0     1 recomp_xxh3 = 0x8F00008C
80801e00 80801e00        0     1 recomp_get_bgm_volume = 0x8F000090
80801e00 80801e00        0     1 __cosf_recomp = 0x8F000098
80801e00 80801e00        0     1 recomp_get_right_analog_inputs = 0x8F00009C
80801e00 80801e00        0     1 recomp_get_analog_cam_enabled = 0x8F0000A0
80801e00 80801e00        0     1 recomp_get_analog_inverted_axes = 0x8F0000A4
80801e00 80801e00        0     1 recomp_set_right_analog_suppressed = 0x8F0000A8
80801e00 80801e00        0     1 osContGetReadData_recomp = 0x8F0000AC
80801e00 80801e00        0     1 recomp_get_note_saving_enabled = 0x8F0000B4
80801e00 80801e00        0     1 recomp_get_cutscene_aspect_ratio = 0x8F0000B8
80801e00 80801e00        0     1 recomp_get_flying_and_swimming_inverted_axes = 0x8F0000BC
80801e00 80801e00        0     1 recomp_get_first_person_inverted_axes = 0x8F0000C0
80801e00 80801e00        0     1 recomp_get_analog_cam_sensitivity = 0x8F0000C4
80801e00 80801e00        0     1 recomp_run_ui_callbacks = 0x8F0000C8
80801e00 80801e00        0     1 osCreatePiManager_recomp = 0x8F000108
80801e00 80801e00        0     1 osYieldThread_recomp = 0x8F00010C
80801e00 80801e00        0     1 osContInit_recomp = 0x8F000110
       0        0        8     4 .rel.text
       0        0        8     4         print.o:(.rel.text)
       0        0       18     4 .rel.recomp_export
       0        0       18     4         print.o:(.rel.recomp_export)
       0        0      5a8     4 .rel.recomp_patch
       0        0      5a8     4         required_patches.o:(.rel.recomp_patch)
